NRF24L01.c:29:6:NRF24_USER_DelayMicroSec	0	static
NRF24L01.c:43:9:SPI_TxRx	32	static
NRF24L01.c:71:6:SPI_Tx	16	static
NRF24L01.c:77:6:SPI_Rx	16	static
NRF24L01.c:84:6:CS_Select	8	static
NRF24L01.c:89:6:CS_UnSelect	8	static
NRF24L01.c:94:6:CE_Enable	8	static
NRF24L01.c:99:6:CE_Disable	8	static
NRF24L01.c:107:6:nrf24_WriteReg	16	static
NRF24L01.c:122:6:nrf24_WriteRegMulti	24	static
NRF24L01.c:182:6:nrf24_reset.part.0	40	static
NRF24L01.c:139:9:nrf24_ReadReg	24	static
NRF24L01.c:157:6:nrf24_ReadReg_Multi	24	static
NRF24L01.c:171:6:nrfsendCmd	16	static
NRF24L01.c:182:6:nrf24_reset	8	static
NRF24L01.c:230:6:NRF24_Init	8	static
NRF24L01.c:262:6:NRF24_TxMode	16	static
NRF24L01.c:285:9:NRF24_Transmit	24	static
NRF24L01.c:328:6:NRF24_RxMode	16	static
NRF24L01.c:368:9:isDataAvailable	8	static
NRF24L01.c:384:6:NRF24_Receive	24	static
NRF24L01.c:410:6:NRF24_ReadAll	16	static
